// Jest Snapshot v1, https://goo.gl/fbAQLP

exports[`ExperiencePresentationComponent should match snapshot 1`] = `
ExperiencePresentationComponent {
  "experience": Object {
    "company": "",
    "description": "",
    "imgUrl": "",
    "position": "",
    "startDate": 2021-06-12T19:34:15.322Z,
    "technologies": Array [],
    "title": "",
  },
}
`;
