// Jest Snapshot v1, https://goo.gl/fbAQLP

exports[`ExperiencePresentationComponent should match snapshot 1`] = `
ExperiencePresentationComponent {
  "experience": Object {
    "company": "",
    "description": "",
    "endDate": null,
    "imgUrl": "",
    "position": "",
    "startDate": null,
    "technologies": Array [],
    "title": "",
  },
}
`;
