// Jest Snapshot v1, https://goo.gl/fbAQLP

exports[`ProjectsContainerComponent should match snapshot 1`] = `
ProjectsContainerComponent {
  "projects$": Subject {
    "_isScalar": false,
    "closed": false,
    "hasError": false,
    "isStopped": false,
    "observers": Array [
      Subscriber {
        "_parentOrParents": null,
        "_subscriptions": Array [
          SubjectSubscription {
            "_parentOrParents": [Circular],
            "_subscriptions": null,
            "closed": false,
            "subject": [Circular],
            "subscriber": [Circular],
          },
        ],
        "closed": false,
        "destination": SafeSubscriber {
          "_complete": undefined,
          "_context": Object {
            "unsubscribe": [Function],
          },
          "_error": [Function],
          "_next": [Function],
          "_parentOrParents": null,
          "_parentSubscriber": [Circular],
          "_subscriptions": null,
          "closed": false,
          "destination": Object {
            "closed": true,
            "complete": [Function],
            "error": [Function],
            "next": [Function],
          },
          "isStopped": false,
          "syncErrorThrowable": false,
          "syncErrorThrown": false,
          "syncErrorValue": null,
        },
        "isStopped": false,
        "syncErrorThrowable": true,
        "syncErrorThrown": false,
        "syncErrorValue": null,
      },
    ],
    "thrownError": null,
  },
  "projectsService": MockProjectsService {
    "projects$": Subject {
      "_isScalar": false,
      "closed": false,
      "hasError": false,
      "isStopped": false,
      "observers": Array [
        Subscriber {
          "_parentOrParents": null,
          "_subscriptions": Array [
            SubjectSubscription {
              "_parentOrParents": [Circular],
              "_subscriptions": null,
              "closed": false,
              "subject": [Circular],
              "subscriber": [Circular],
            },
          ],
          "closed": false,
          "destination": SafeSubscriber {
            "_complete": undefined,
            "_context": Object {
              "unsubscribe": [Function],
            },
            "_error": [Function],
            "_next": [Function],
            "_parentOrParents": null,
            "_parentSubscriber": [Circular],
            "_subscriptions": null,
            "closed": false,
            "destination": Object {
              "closed": true,
              "complete": [Function],
              "error": [Function],
              "next": [Function],
            },
            "isStopped": false,
            "syncErrorThrowable": false,
            "syncErrorThrown": false,
            "syncErrorValue": null,
          },
          "isStopped": false,
          "syncErrorThrowable": true,
          "syncErrorThrown": false,
          "syncErrorValue": null,
        },
      ],
      "thrownError": null,
    },
  },
}
`;
